
debug.s65


  109 T:0000                                    ;-----------------------------------------------------------------------
  110 T:0000                                    ;
  111 T:0000                                    ; DEBUGGER
  112 T:0000                                    ;
  113 T:0000                                    ; Handles stepping, register display, IRQ, BRK.
  114 T:0000                                    ;
  115 T:0000                                    ;-----------------------------------------------------------------------

  120 T:0000  85 45                    IRQ       sta $45
  121 T:0002  68                                 pla 
  122 T:0003  48                                 pha 
  123 T:0004  0a                                 asl 
  124 T:0005  0a                                 asl 
  125 T:0006  0a                                 asl 
  126 T:0007  30 03                              bmi BREAK
  127 T:0009  6c fe 03                           jmp ($03fe)

  129 T:000c  28                       BREAK     plp 
  130 T:000d  20 00 00                           jsr SAV1
  131 T:0010  68                                 pla 
  132 T:0011  85 3a                              sta $3a
  133 T:0013  68                                 pla 
  134 T:0014  85 3b                              sta $3b
  135 T:0016  6c f0 03                           jmp ($03f0)
  136 T:0019  20 00 00      OLDBRK                     jsr INSDS1
  137 T:001c  20 9a 00                           jsr RGDSP1
  138 T:001f  4c 00 00                           jmp MON

  140 T:0022  d8                       RESET2    cld 
  141 T:0023  20 00 00                           jsr SETNORM
  142 T:0026  20 00 00                           jsr INIT
  143 T:0029  20 00 00                           jsr SETVID
  144 T:002c  20 00 00                           jsr SETKBD
  145 T:002f  ad 58 c0                           lda $c058
  146 T:0032  ad 5a c0                           lda $c05a
  147 T:0035  ad 5d c0                           lda $c05d
  148 T:0038  ad 5f c0                           lda $c05f
  149 T:003b  ad ff cf                           lda $cfff
  150 T:003e  2c 10 c0                           bit $c010
  151 T:0041  d8                                 cld 
  152 T:0042  20 00 00                           jsr BELL
  153 T:0045  ad f3 03                           lda $03f3
  154 T:0048  49 a5                              eor #%10100101
  155 T:004a  cd f4 03                           cmp $03f4
  156 T:004d  d0 17                              bne LFAA6
  157 T:004f  ad f2 03                           lda $03f2
  158 T:0052  d0 0f                              bne LFAA3
  159 T:0054  a9 e0                              lda #$e0
  160 T:0056  cd f3 03                           cmp $03f3
  161 T:0059  d0 08                              bne LFAA3
  162 T:005b  a0 03                    LFA9B     ldy #$03
  163 T:005d  8c f2 03                           sty $03f2
  164 T:0060  4c 00 e0                           jmp $e000

  166 T:0063  6c f2 03                 LFAA3     jmp ($03f2)
  167 T:0066  20 00 00                 LFAA6     jsr LFB60
  168 T:0069  a2 05                              ldx #$05
  169 T:006b  bd bc 00                 LFAAB     lda LFAFC,X
  170 T:006e  9d ef 03                           sta $03ef,X
  171 T:0071  ca                                 dex 
  172 T:0072  d0 f7                              bne LFAAB
  173 T:0074  a9 c8                              lda #$c8
  174 T:0076  86 00                              stx $00
  175 T:0078  85 01                              sta $01
  176 T:007a  a0 07                    LFABA     ldy #$07
  177 T:007c  c6 01                              dec $01
  178 T:007e  a5 01                              lda $01
  179 T:0080  c9 c0                              cmp #$c0
  180 T:0082  f0 d7                              beq LFA9B
  181 T:0084  8d f8 07                           sta $07f8
  182 T:0087  b1 00                    LFAC7     lda ($00),Y
  183 T:0089  d9 c1 00                           cmp LFB01,Y
  184 T:008c  d0 ec                              bne LFABA
  185 T:008e  88                                 dey 
  186 T:008f  88                                 dey 
  187 T:0090  10 f5                              bpl LFAC7
  188 T:0092  6c 00 00                           jmp ($00)
  189 T:0095  ea                                 nop 
  190 T:0096  ea                                 nop 

  199 T:0097  20 00 00                 REGDSP    jsr CROUT             ;DISPLAY USER REG
  200 T:009a  a9 45                    RGDSP1    lda #<$45         ;  CONTENTS WITH
  201 T:009c  85 40                              sta $40              ;  LABELS
  202 T:009e  a9 00                              lda #>$45
  203 T:00a0  85 41                              sta $41
  204 T:00a2  a2 fb                              ldx #$fb
  205 T:00a4  a9 a0                    RDSP1     lda #(" "|%10000000)
  206 T:00a6  20 00 00                           jsr COUT
  207 T:00a9                                    ;LDA   RTBL-$FB,X
  208 T:00a9  bd de ff                           lda RTBL+$ff05,X

  210 T:00ac  20 00 00                           jsr COUT
  211 T:00af  a9 bd                              lda #("="|%10000000)
  212 T:00b1  20 00 00                           jsr COUT
  213 T:00b4  b5 4a                              lda $45+5,X
  214 T:00b6  20 00 00                           jsr PRBYTE
  215 T:00b9  e8                                 inx 
  216 T:00ba  30 e8                              bmi RDSP1
  217 T:00bc  60                       LFAFC     rts 

  225 T:00bd  59 fa 00 e0                        .byt $59,$fa,$00,$e0
  226 T:00c1  45 20 ff 00 ff 03 ff     LFB01     .byt $45,$20,$ff,$00,$ff,$03,$ff
  227 T:00c8  3c                       LFB08     .byt $3c
  228 T:00c9  c1                                 .byt ("A"|%10000000)
  229 T:00ca  d0                                 .byt ("P"|%10000000)
  230 T:00cb  d0                                 .byt ("P"|%10000000)
  231 T:00cc  cc                                 .byt ("L"|%10000000)
  232 T:00cd  c5                                 .byt ("E"|%10000000)
  233 T:00ce  a0                                 .byt (" "|%10000000)
  234 T:00cf  dd                                 .byt ("]"|%10000000)
  235 T:00d0  db                                 .byt ("["|%10000000)

  237 T:00d1  c4                                 .byt ("D"|%10000000)
  238 T:00d2  c2                                 .byt ("B"|%10000000)
  239 T:00d3  c1                                 .byt ("A"|%10000000)

  241 T:00d4  ff                                 .byt $ff
  242 T:00d5  c3                                 .byt ("C"|%10000000)

  244 T:00d6  ff ff ff                           .byt $ff,$ff,$ff

  247 T:00d9  c1                       RTBL      .byt ("A"|%10000000)
  248 T:00da  d8                                 .byt ("X"|%10000000)
  249 T:00db  d9                                 .byt ("Y"|%10000000)
  250 T:00dc  d0                                 .byt ("P"|%10000000)
  251 T:00dd  d3                                 .byt ("S"|%10000000)
